// Vitest Snapshot v1, https://vitest.dev/guide/snapshot.html

exports[`snapshot 1`] = `
{
  "color": {
    "black": {
      "isVar": true,
      "key": "$black",
      "name": "color-2",
      "val": "#000",
      "variable": "var(--color-2)",
    },
    "white": {
      "isVar": true,
      "key": "$white",
      "name": "color-1",
      "val": "#fff",
      "variable": "var(--color-1)",
    },
  },
  "radius": {
    "0": {
      "isVar": true,
      "key": "$0",
      "name": "radius-1",
      "val": 0,
      "variable": "var(--radius-1)",
    },
    "1": {
      "isVar": true,
      "key": "$1",
      "name": "radius-2",
      "val": 3,
      "variable": "var(--radius-2)",
    },
    "10": {
      "isVar": true,
      "key": "$10",
      "name": "radius-11",
      "val": 34,
      "variable": "var(--radius-11)",
    },
    "11": {
      "isVar": true,
      "key": "$11",
      "name": "radius-12",
      "val": 42,
      "variable": "var(--radius-12)",
    },
    "12": {
      "isVar": true,
      "key": "$12",
      "name": "radius-13",
      "val": 50,
      "variable": "var(--radius-13)",
    },
    "2": {
      "isVar": true,
      "key": "$2",
      "name": "radius-3",
      "val": 5,
      "variable": "var(--radius-3)",
    },
    "3": {
      "isVar": true,
      "key": "$3",
      "name": "radius-4",
      "val": 7,
      "variable": "var(--radius-4)",
    },
    "4": {
      "isVar": true,
      "key": "$4",
      "name": "radius-5",
      "val": 9,
      "variable": "var(--radius-5)",
    },
    "5": {
      "isVar": true,
      "key": "$5",
      "name": "radius-6",
      "val": 10,
      "variable": "var(--radius-6)",
    },
    "6": {
      "isVar": true,
      "key": "$6",
      "name": "radius-7",
      "val": 16,
      "variable": "var(--radius-7)",
    },
    "7": {
      "isVar": true,
      "key": "$7",
      "name": "radius-8",
      "val": 19,
      "variable": "var(--radius-8)",
    },
    "8": {
      "isVar": true,
      "key": "$8",
      "name": "radius-9",
      "val": 22,
      "variable": "var(--radius-9)",
    },
    "9": {
      "isVar": true,
      "key": "$9",
      "name": "radius-10",
      "val": 26,
      "variable": "var(--radius-10)",
    },
  },
  "size": {
    "0": {
      "isVar": true,
      "key": "$0",
      "name": "size-1",
      "val": 0,
      "variable": "var(--size-1)",
    },
    "0.25": {
      "isVar": true,
      "key": "$0.25",
      "name": "size-22",
      "val": 2,
      "variable": "var(--size-22)",
    },
    "0.5": {
      "isVar": true,
      "key": "$0.5",
      "name": "size-23",
      "val": 4,
      "variable": "var(--size-23)",
    },
    "0.75": {
      "isVar": true,
      "key": "$0.75",
      "name": "size-24",
      "val": 8,
      "variable": "var(--size-24)",
    },
    "1": {
      "isVar": true,
      "key": "$1",
      "name": "size-2",
      "val": 20,
      "variable": "var(--size-2)",
    },
    "1.5": {
      "isVar": true,
      "key": "$1.5",
      "name": "size-25",
      "val": 24,
      "variable": "var(--size-25)",
    },
    "10": {
      "isVar": true,
      "key": "$10",
      "name": "size-11",
      "val": 104,
      "variable": "var(--size-11)",
    },
    "11": {
      "isVar": true,
      "key": "$11",
      "name": "size-12",
      "val": 124,
      "variable": "var(--size-12)",
    },
    "12": {
      "isVar": true,
      "key": "$12",
      "name": "size-13",
      "val": 144,
      "variable": "var(--size-13)",
    },
    "13": {
      "isVar": true,
      "key": "$13",
      "name": "size-14",
      "val": 164,
      "variable": "var(--size-14)",
    },
    "14": {
      "isVar": true,
      "key": "$14",
      "name": "size-15",
      "val": 184,
      "variable": "var(--size-15)",
    },
    "15": {
      "isVar": true,
      "key": "$15",
      "name": "size-16",
      "val": 204,
      "variable": "var(--size-16)",
    },
    "16": {
      "isVar": true,
      "key": "$16",
      "name": "size-17",
      "val": 224,
      "variable": "var(--size-17)",
    },
    "17": {
      "isVar": true,
      "key": "$17",
      "name": "size-18",
      "val": 224,
      "variable": "var(--size-18)",
    },
    "18": {
      "isVar": true,
      "key": "$18",
      "name": "size-19",
      "val": 244,
      "variable": "var(--size-19)",
    },
    "19": {
      "isVar": true,
      "key": "$19",
      "name": "size-20",
      "val": 264,
      "variable": "var(--size-20)",
    },
    "2": {
      "isVar": true,
      "key": "$2",
      "name": "size-3",
      "val": 28,
      "variable": "var(--size-3)",
    },
    "2.5": {
      "isVar": true,
      "key": "$2.5",
      "name": "size-26",
      "val": 32,
      "variable": "var(--size-26)",
    },
    "20": {
      "isVar": true,
      "key": "$20",
      "name": "size-21",
      "val": 284,
      "variable": "var(--size-21)",
    },
    "3": {
      "isVar": true,
      "key": "$3",
      "name": "size-4",
      "val": 36,
      "variable": "var(--size-4)",
    },
    "3.5": {
      "isVar": true,
      "key": "$3.5",
      "name": "size-27",
      "val": 40,
      "variable": "var(--size-27)",
    },
    "4": {
      "isVar": true,
      "key": "$4",
      "name": "size-5",
      "val": 44,
      "variable": "var(--size-5)",
    },
    "4.5": {
      "isVar": true,
      "key": "$4.5",
      "name": "size-29",
      "val": 48,
      "variable": "var(--size-29)",
    },
    "5": {
      "isVar": true,
      "key": "$5",
      "name": "size-6",
      "val": 52,
      "variable": "var(--size-6)",
    },
    "5.5": {
      "isVar": true,
      "key": "$5.5",
      "name": "size-30",
      "val": 59,
      "variable": "var(--size-30)",
    },
    "6": {
      "isVar": true,
      "key": "$6",
      "name": "size-7",
      "val": 64,
      "variable": "var(--size-7)",
    },
    "6.5": {
      "isVar": true,
      "key": "$6.5",
      "name": "size-31",
      "val": 69,
      "variable": "var(--size-31)",
    },
    "7": {
      "isVar": true,
      "key": "$7",
      "name": "size-8",
      "val": 74,
      "variable": "var(--size-8)",
    },
    "7.6": {
      "isVar": true,
      "key": "$7.6",
      "name": "size-32",
      "val": 79,
      "variable": "var(--size-32)",
    },
    "8": {
      "isVar": true,
      "key": "$8",
      "name": "size-9",
      "val": 84,
      "variable": "var(--size-9)",
    },
    "8.5": {
      "isVar": true,
      "key": "$8.5",
      "name": "size-33",
      "val": 89,
      "variable": "var(--size-33)",
    },
    "9": {
      "isVar": true,
      "key": "$9",
      "name": "size-10",
      "val": 94,
      "variable": "var(--size-10)",
    },
    "9.5": {
      "isVar": true,
      "key": "$9.5",
      "name": "size-34",
      "val": 99,
      "variable": "var(--size-34)",
    },
    "true": {
      "isVar": true,
      "key": "$true",
      "name": "size-28",
      "val": 44,
      "variable": "var(--size-28)",
    },
  },
  "space": {
    "-0.25": {
      "isVar": true,
      "key": "$-0.25",
      "name": "space-55",
      "val": -1,
      "variable": "var(--space-55)",
    },
    "-0.5": {
      "isVar": true,
      "key": "$-0.5",
      "name": "space-56",
      "val": -1,
      "variable": "var(--space-56)",
    },
    "-0.75": {
      "isVar": true,
      "key": "$-0.75",
      "name": "space-57",
      "val": -3,
      "variable": "var(--space-57)",
    },
    "-1": {
      "isVar": true,
      "key": "$-1",
      "name": "space-35",
      "val": -2,
      "variable": "var(--space-35)",
    },
    "-1.5": {
      "isVar": true,
      "key": "$-1.5",
      "name": "space-58",
      "val": -4,
      "variable": "var(--space-58)",
    },
    "-10": {
      "isVar": true,
      "key": "$-10",
      "name": "space-44",
      "val": -60,
      "variable": "var(--space-44)",
    },
    "-11": {
      "isVar": true,
      "key": "$-11",
      "name": "space-45",
      "val": -74,
      "variable": "var(--space-45)",
    },
    "-12": {
      "isVar": true,
      "key": "$-12",
      "name": "space-46",
      "val": -88,
      "variable": "var(--space-46)",
    },
    "-13": {
      "isVar": true,
      "key": "$-13",
      "name": "space-47",
      "val": -102,
      "variable": "var(--space-47)",
    },
    "-14": {
      "isVar": true,
      "key": "$-14",
      "name": "space-48",
      "val": -116,
      "variable": "var(--space-48)",
    },
    "-15": {
      "isVar": true,
      "key": "$-15",
      "name": "space-49",
      "val": -130,
      "variable": "var(--space-49)",
    },
    "-16": {
      "isVar": true,
      "key": "$-16",
      "name": "space-50",
      "val": -144,
      "variable": "var(--space-50)",
    },
    "-17": {
      "isVar": true,
      "key": "$-17",
      "name": "space-51",
      "val": -144,
      "variable": "var(--space-51)",
    },
    "-18": {
      "isVar": true,
      "key": "$-18",
      "name": "space-52",
      "val": -158,
      "variable": "var(--space-52)",
    },
    "-19": {
      "isVar": true,
      "key": "$-19",
      "name": "space-53",
      "val": -172,
      "variable": "var(--space-53)",
    },
    "-2": {
      "isVar": true,
      "key": "$-2",
      "name": "space-36",
      "val": -7,
      "variable": "var(--space-36)",
    },
    "-2.5": {
      "isVar": true,
      "key": "$-2.5",
      "name": "space-59",
      "val": -10,
      "variable": "var(--space-59)",
    },
    "-20": {
      "isVar": true,
      "key": "$-20",
      "name": "space-54",
      "val": -186,
      "variable": "var(--space-54)",
    },
    "-3": {
      "isVar": true,
      "key": "$-3",
      "name": "space-37",
      "val": -13,
      "variable": "var(--space-37)",
    },
    "-3.5": {
      "isVar": true,
      "key": "$-3.5",
      "name": "space-60",
      "val": -16,
      "variable": "var(--space-60)",
    },
    "-4": {
      "isVar": true,
      "key": "$-4",
      "name": "space-38",
      "val": -18,
      "variable": "var(--space-38)",
    },
    "-4.5": {
      "isVar": true,
      "key": "$-4.5",
      "name": "space-62",
      "val": -21,
      "variable": "var(--space-62)",
    },
    "-5": {
      "isVar": true,
      "key": "$-5",
      "name": "space-39",
      "val": -24,
      "variable": "var(--space-39)",
    },
    "-5.5": {
      "isVar": true,
      "key": "$-5.5",
      "name": "space-63",
      "val": -29,
      "variable": "var(--space-63)",
    },
    "-6": {
      "isVar": true,
      "key": "$-6",
      "name": "space-40",
      "val": -32,
      "variable": "var(--space-40)",
    },
    "-6.5": {
      "isVar": true,
      "key": "$-6.5",
      "name": "space-64",
      "val": -36,
      "variable": "var(--space-64)",
    },
    "-7": {
      "isVar": true,
      "key": "$-7",
      "name": "space-41",
      "val": -39,
      "variable": "var(--space-41)",
    },
    "-7.6": {
      "isVar": true,
      "key": "$-7.6",
      "name": "space-65",
      "val": -43,
      "variable": "var(--space-65)",
    },
    "-8": {
      "isVar": true,
      "key": "$-8",
      "name": "space-42",
      "val": -46,
      "variable": "var(--space-42)",
    },
    "-8.5": {
      "isVar": true,
      "key": "$-8.5",
      "name": "space-66",
      "val": -50,
      "variable": "var(--space-66)",
    },
    "-9": {
      "isVar": true,
      "key": "$-9",
      "name": "space-43",
      "val": -53,
      "variable": "var(--space-43)",
    },
    "-9.5": {
      "isVar": true,
      "key": "$-9.5",
      "name": "space-67",
      "val": -57,
      "variable": "var(--space-67)",
    },
    "-true": {
      "isVar": true,
      "key": "$-true",
      "name": "space-61",
      "val": -18,
      "variable": "var(--space-61)",
    },
    "0": {
      "isVar": true,
      "key": "$0",
      "name": "space-1",
      "val": 0,
      "variable": "var(--space-1)",
    },
    "0.25": {
      "isVar": true,
      "key": "$0.25",
      "name": "space-22",
      "val": 1,
      "variable": "var(--space-22)",
    },
    "0.5": {
      "isVar": true,
      "key": "$0.5",
      "name": "space-23",
      "val": 1,
      "variable": "var(--space-23)",
    },
    "0.75": {
      "isVar": true,
      "key": "$0.75",
      "name": "space-24",
      "val": 3,
      "variable": "var(--space-24)",
    },
    "1": {
      "isVar": true,
      "key": "$1",
      "name": "space-2",
      "val": 2,
      "variable": "var(--space-2)",
    },
    "1.5": {
      "isVar": true,
      "key": "$1.5",
      "name": "space-25",
      "val": 4,
      "variable": "var(--space-25)",
    },
    "10": {
      "isVar": true,
      "key": "$10",
      "name": "space-11",
      "val": 60,
      "variable": "var(--space-11)",
    },
    "11": {
      "isVar": true,
      "key": "$11",
      "name": "space-12",
      "val": 74,
      "variable": "var(--space-12)",
    },
    "12": {
      "isVar": true,
      "key": "$12",
      "name": "space-13",
      "val": 88,
      "variable": "var(--space-13)",
    },
    "13": {
      "isVar": true,
      "key": "$13",
      "name": "space-14",
      "val": 102,
      "variable": "var(--space-14)",
    },
    "14": {
      "isVar": true,
      "key": "$14",
      "name": "space-15",
      "val": 116,
      "variable": "var(--space-15)",
    },
    "15": {
      "isVar": true,
      "key": "$15",
      "name": "space-16",
      "val": 130,
      "variable": "var(--space-16)",
    },
    "16": {
      "isVar": true,
      "key": "$16",
      "name": "space-17",
      "val": 144,
      "variable": "var(--space-17)",
    },
    "17": {
      "isVar": true,
      "key": "$17",
      "name": "space-18",
      "val": 144,
      "variable": "var(--space-18)",
    },
    "18": {
      "isVar": true,
      "key": "$18",
      "name": "space-19",
      "val": 158,
      "variable": "var(--space-19)",
    },
    "19": {
      "isVar": true,
      "key": "$19",
      "name": "space-20",
      "val": 172,
      "variable": "var(--space-20)",
    },
    "2": {
      "isVar": true,
      "key": "$2",
      "name": "space-3",
      "val": 7,
      "variable": "var(--space-3)",
    },
    "2.5": {
      "isVar": true,
      "key": "$2.5",
      "name": "space-26",
      "val": 10,
      "variable": "var(--space-26)",
    },
    "20": {
      "isVar": true,
      "key": "$20",
      "name": "space-21",
      "val": 186,
      "variable": "var(--space-21)",
    },
    "3": {
      "isVar": true,
      "key": "$3",
      "name": "space-4",
      "val": 13,
      "variable": "var(--space-4)",
    },
    "3.5": {
      "isVar": true,
      "key": "$3.5",
      "name": "space-27",
      "val": 16,
      "variable": "var(--space-27)",
    },
    "4": {
      "isVar": true,
      "key": "$4",
      "name": "space-5",
      "val": 18,
      "variable": "var(--space-5)",
    },
    "4.5": {
      "isVar": true,
      "key": "$4.5",
      "name": "space-29",
      "val": 21,
      "variable": "var(--space-29)",
    },
    "5": {
      "isVar": true,
      "key": "$5",
      "name": "space-6",
      "val": 24,
      "variable": "var(--space-6)",
    },
    "5.5": {
      "isVar": true,
      "key": "$5.5",
      "name": "space-30",
      "val": 29,
      "variable": "var(--space-30)",
    },
    "6": {
      "isVar": true,
      "key": "$6",
      "name": "space-7",
      "val": 32,
      "variable": "var(--space-7)",
    },
    "6.5": {
      "isVar": true,
      "key": "$6.5",
      "name": "space-31",
      "val": 36,
      "variable": "var(--space-31)",
    },
    "7": {
      "isVar": true,
      "key": "$7",
      "name": "space-8",
      "val": 39,
      "variable": "var(--space-8)",
    },
    "7.6": {
      "isVar": true,
      "key": "$7.6",
      "name": "space-32",
      "val": 43,
      "variable": "var(--space-32)",
    },
    "8": {
      "isVar": true,
      "key": "$8",
      "name": "space-9",
      "val": 46,
      "variable": "var(--space-9)",
    },
    "8.5": {
      "isVar": true,
      "key": "$8.5",
      "name": "space-33",
      "val": 50,
      "variable": "var(--space-33)",
    },
    "9": {
      "isVar": true,
      "key": "$9",
      "name": "space-10",
      "val": 53,
      "variable": "var(--space-10)",
    },
    "9.5": {
      "isVar": true,
      "key": "$9.5",
      "name": "space-34",
      "val": 57,
      "variable": "var(--space-34)",
    },
    "true": {
      "isVar": true,
      "key": "$true",
      "name": "space-28",
      "val": 18,
      "variable": "var(--space-28)",
    },
  },
  "zIndex": {
    "0": {
      "isVar": true,
      "key": "$0",
      "name": "zIndex-1",
      "val": 0,
      "variable": "var(--zIndex-1)",
    },
    "1": {
      "isVar": true,
      "key": "$1",
      "name": "zIndex-2",
      "val": 100,
      "variable": "var(--zIndex-2)",
    },
    "2": {
      "isVar": true,
      "key": "$2",
      "name": "zIndex-3",
      "val": 200,
      "variable": "var(--zIndex-3)",
    },
    "3": {
      "isVar": true,
      "key": "$3",
      "name": "zIndex-4",
      "val": 300,
      "variable": "var(--zIndex-4)",
    },
    "4": {
      "isVar": true,
      "key": "$4",
      "name": "zIndex-5",
      "val": 400,
      "variable": "var(--zIndex-5)",
    },
    "5": {
      "isVar": true,
      "key": "$5",
      "name": "zIndex-6",
      "val": 500,
      "variable": "var(--zIndex-6)",
    },
  },
}
`;
