// Vitest Snapshot v1, https://vitest.dev/guide/snapshot.html

exports[`transforming actual files > multiple extensions exists 1`] = `
"// Expected to be transformed to use the \`.mjs\` extension, which is same as this file.
import { foo, bar } from \\"./modules/module.mjs\\";"
`;

exports[`transforming actual files > test 1`] = `
"import foo, { bar } from \\"./modules/module.mjs\\";
import { foo as foo2 } from \\"./modules/module.mjs\\";
import * as someModule from \\"./modules/module.mjs\\";
import { foo as cjsFoo } from \\"./modules/cjs-module.cjs\\";

// Will not be transformed
import { foo as packageFoo } from '@my-org/my-pkg';

// These will be transformed if \`includePackages\` includes \`@my-org/my-pkg\`.
import { someStuff } from \\"@my-org/my-pkg/lib/index.js\\";
// import { someOtherStuff } from '@my-org/my-pkg/lib/index' // TODO: Fix me
import { exampleFunction } from \\"@my-org/my-pkg/lib/exampleFunction.js\\";"
`;
